#-----------------------------------------------------------
# Vivado v2021.2 (64-bit)
# SW Build 3367213 on Tue Oct 19 02:48:09 MDT 2021
# IP Build 3369179 on Thu Oct 21 08:25:16 MDT 2021
# Start of session at: Thu Apr 28 12:06:43 2022
# Process ID: 16716
# Current directory: C:/Users/evald/OneDrive/Dokumentai/Digital-electronics/digital-electronics-1/labs/DigitalClock_V5-20220428T100505Z-001/DigitalClock_V5
# Command line: vivado.exe -gui_launcher_event rodinguilauncherevent3292 C:\Users\evald\OneDrive\Dokumentai\Digital-electronics\digital-electronics-1\labs\DigitalClock_V5-20220428T100505Z-001\DigitalClock_V5\DigitalClock_V5.xpr
# Log file: C:/Users/evald/OneDrive/Dokumentai/Digital-electronics/digital-electronics-1/labs/DigitalClock_V5-20220428T100505Z-001/DigitalClock_V5/vivado.log
# Journal file: C:/Users/evald/OneDrive/Dokumentai/Digital-electronics/digital-electronics-1/labs/DigitalClock_V5-20220428T100505Z-001/DigitalClock_V5\vivado.jou
# Running On: LAPTOP-58SCFF8G, OS: Windows, CPU Frequency: 2371 MHz, CPU Physical cores: 6, Host memory: 7969 MB
#-----------------------------------------------------------
start_gui
open_project C:/Users/evald/OneDrive/Dokumentai/Digital-electronics/digital-electronics-1/labs/DigitalClock_V5-20220428T100505Z-001/DigitalClock_V5/DigitalClock_V5.xpr
update_compile_order -fileset sources_1
close [ open C:/Users/evald/OneDrive/Dokumentai/Digital-electronics/digital-electronics-1/labs/DigitalClock_V5-20220428T100505Z-001/DigitalClock_V5/DigitalClock_V5.srcs/sources_1/new/setClock.vhd w ]
add_files C:/Users/evald/OneDrive/Dokumentai/Digital-electronics/digital-electronics-1/labs/DigitalClock_V5-20220428T100505Z-001/DigitalClock_V5/DigitalClock_V5.srcs/sources_1/new/setClock.vhd
