#-----------------------------------------------------------
# Vivado v2021.2 (64-bit)
# SW Build 3367213 on Tue Oct 19 02:48:09 MDT 2021
# IP Build 3369179 on Thu Oct 21 08:25:16 MDT 2021
# Start of session at: Thu Mar 31 16:19:18 2022
# Process ID: 21132
# Current directory: C:/Users/evald/OneDrive/Dokumentai/Digital-electronics/digital-electronics-1/labs/08-traffic_lights/traffic/traffic.runs/impl_1
# Command line: vivado.exe -log top.vdi -applog -product Vivado -messageDb vivado.pb -mode batch -source top.tcl -notrace
# Log file: C:/Users/evald/OneDrive/Dokumentai/Digital-electronics/digital-electronics-1/labs/08-traffic_lights/traffic/traffic.runs/impl_1/top.vdi
# Journal file: C:/Users/evald/OneDrive/Dokumentai/Digital-electronics/digital-electronics-1/labs/08-traffic_lights/traffic/traffic.runs/impl_1\vivado.jou
# Running On: LAPTOP-58SCFF8G, OS: Windows, CPU Frequency: 2371 MHz, CPU Physical cores: 6, Host memory: 7969 MB
#-----------------------------------------------------------
source top.tcl -notrace
